[onlinevideoconverter.pro/en15/index.html]
[backblue.gif]
[fade.gif]
[index.html]
[onlinevideoconverter.pro/img/siteImage.png]
[onlinevideoconverter.pro/img/favicon.png]
[onlinevideoconverter.pro/img/ovclogo.png]
[onlinevideoconverter.pro/css/all0c65.css]
[onlinevideoconverter.pro/img/ovclogomin.png]
[onlinevideoconverter.pro/img/steps/mp41.png]
[onlinevideoconverter.pro/img/steps/mp31.png]
[onlinevideoconverter.pro/en15/youtube-converter-mp3/index.html]
[onlinevideoconverter.pro/img/steps/1step.jpg]
[onlinevideoconverter.pro/img/steps/2step.jpg]
[onlinevideoconverter.pro/img/steps/3step.jpg]
[onlinevideoconverter.pro/img/steps/4step.jpg]
[onlinevideoconverter.pro/img/ic-tiktok.png]
[onlinevideoconverter.pro/img/ic-new-ib.png]
[onlinevideoconverter.pro/img/ic-music.png]
[onlinevideoconverter.pro/img/ic-twiter.png]
[onlinevideoconverter.pro/img/ic-new-fb.png]
[onlinevideoconverter.pro/js/update.min.js]
[onlinevideoconverter.pro/en15/index.html]
[onlinevideoconverter.pro/js/app2d5a.js]
[onlinevideoconverter.pro/img/select-arrow.png]
[onlinevideoconverter.pro/img/select-yes.png]
[onlinevideoconverter.pro/img/progress.gif]
[onlinevideoconverter.pro/img/bg-cover.gif]
[onlinevideoconverter.pro/img/arrow-sitemap.png]
[onlinevideoconverter.pro/img/loader8.png]
[onlinevideoconverter.pro/img/select-arrow-new.png]
[onlinevideoconverter.pro/img/select-active-new.png]
[onlinevideoconverter.pro/img/select-new.png]
[onlinevideoconverter.pro/img/select-arrow-down-new.png]
[onlinevideoconverter.pro/img/select-arrow-up-new.png]
[onlinevideoconverter.pro/css/all0c65.css]
[onlinevideoconverter.pro/img/steps/4stepmp3.jpg]
[onlinevideoconverter.pro/img/mp31full.png]
[onlinevideoconverter.pro/en15/youtube-converter-mp3/index.html]
